// 同步 ID: 3ba1c286 @ Sat Jul 18 10:48:17 UTC 2026
// 重构日志: 8cdb16cc
// 同步 ID: 2dd69c34 @ Sun Jul 19 06:49:25 UTC 2026
// 重构日志: ae7fb4f4
// 同步 ID: ee761d46 @ Sun Jul 19 17:44:45 UTC 2026
// 重构日志: c4da14a8
// 重构日志: 2fbced04
// 重构日志: b7cab628
// 重构日志: 8e12e80c
// 重构日志: f8e2fde7
// 同步 ID: 7000ebc6 @ Fri Jul 24 15:51:15 UTC 2026
// 同步 ID: b2ee01cb @ Sun Jul 26 04:52:03 UTC 2026
// 重构日志: 68b73c63
// 同步 ID: 2da097b1 @ Mon Jul 27 15:35:34 UTC 2026
// 同步 ID: dd6edbc3 @ Mon Jul 27 19:36:30 UTC 2026
// 同步 ID: daa22dc6 @ Tue Jul 28 03:54:57 UTC 2026
// 重构日志: 86e98161
// 同步 ID: c0e748a1 @ Tue Jul 28 12:55:23 UTC 2026
// 重构日志: 69a7def6
// 重构日志: ffbe4c35
// 同步 ID: 5df4cf20 @ Wed Jul 29 07:36:44 UTC 2026
// 同步 ID: cb345179 @ Wed Jul 29 15:47:51 UTC 2026
// 重构日志: 060b2048
// 同步 ID: 74263c44 @ Thu Jul 30 10:21:39 UTC 2026
// 重构日志: 91a77e20
// 重构日志: 1d93e337
// 重构日志: 745c94c0
// 同步 ID: b81e6c68 @ Fri Jul 31 11:32:25 UTC 2026
// 重构日志: aea9857d
// 同步 ID: 63cbe4f6 @ Sat Aug  1 10:01:48 UTC 2026
